<html>
<body>
<pre>
<h1>µVision Build Log</h1>
<h2>Tool Versions:</h2>
IDE-Version: ¦ÌVision V5.38.0.0
Copyright (C) 2022 ARM Ltd and ARM Germany GmbH. All rights reserved.
License Information: aa 1919152082@qq.com, a, LIC=585FJ-U8JL8-Z9SG9-4SLJY-JYCSR-NVVXD
 
Tool Versions:
Toolchain:       MDK-ARM Plus  Version: 5.35.0.2
Toolchain Path:  F:\KEiIL\ARM\ARMCC\Bin
C Compiler:      Armcc.exe V5.06 update 7 (build 960)
Assembler:       Armasm.exe V5.06 update 7 (build 960)
Linker/Locator:  ArmLink.exe V5.06 update 7 (build 960)
Library Manager: ArmAr.exe V5.06 update 7 (build 960)
Hex Converter:   FromElf.exe V5.06 update 7 (build 960)
CPU DLL:         SARMCM3.DLL V5.35.0.2
Dialog DLL:      DCM.DLL V1.17.3.0
Target DLL:      STLink\ST-LINKIII-KEIL_SWO.dll V3.0.9.0
Dialog DLL:      TCM.DLL V1.53.0.0
 
<h2>Project:</h2>
D:\desktop\IoT\STM32_Wifi\STM32_Wifi\MDK-ARM\STM32_Wifi.uvprojx
Project File Date:  09/27/2024

<h2>Output:</h2>
*** Using Compiler 'V5.06 update 7 (build 960)', folder: 'F:\KEiIL\ARM\ARMCC\Bin'
Rebuild target 'STM32_Wifi'
assembling startup_stm32f103xb.s...
compiling stm32f1xx_hal_gpio.c...
compiling main.c...
compiling tim.c...
compiling stm32f1xx_hal_cortex.c...
compiling gpio.c...
compiling stm32f1xx_hal.c...
compiling can.c...
compiling stm32f1xx_hal_gpio_ex.c...
compiling stm32f1xx_hal_dma.c...
compiling i2c.c...
compiling stm32f1xx_hal_can.c...
compiling stm32f1xx_hal_rcc_ex.c...
compiling usart.c...
compiling stm32f1xx_hal_msp.c...
compiling stm32f1xx_hal_rcc.c...
compiling stm32f1xx_it.c...
compiling cJSON.c...
..\BSP\cJSON\cJSON.c(279): warning:  #1293-D: assignment in condition
  	ptr=str;while ((token=*ptr) && ++len) {if (strchr("\"\\\b\f\n\r\t",token)) len++; else if (token<32) len+=5;ptr++;}
..\BSP\cJSON\cJSON.c(353): warning:  #111-D: statement is unreachable
  	return p.buffer;
..\BSP\cJSON\cJSON.c: 2 warnings, 0 errors
compiling stm32f1xx_hal_exti.c...
compiling system_stm32f1xx.c...
compiling modbus_crc.c...
compiling modbus.c...
compiling stm32f1xx_hal_flash_ex.c...
compiling oled.c...
compiling esp8266.c...
compiling stm32f1xx_hal_flash.c...
compiling stm32f1xx_hal_pwr.c...
compiling stm32f1xx_hal_tim_ex.c...
compiling stm32f1xx_hal_uart.c...
compiling stm32f1xx_hal_tim.c...
compiling stm32f1xx_hal_i2c.c...
linking...
Program Size: Code=13792 RO-data=4740 RW-data=64 ZI-data=9848  
FromELF: creating hex file...
"STM32_Wifi\STM32_Wifi.axf" - 0 Error(s), 2 Warning(s).

<h2>Software Packages used:</h2>

Package Vendor: ARM
                http://www.keil.com/pack/ARM.CMSIS.5.8.0.pack
                ARM.CMSIS.5.8.0
                CMSIS (Common Microcontroller Software Interface Standard)
   * Component: CORE Version: 5.5.0

Package Vendor: Keil
                https://www.keil.com/pack/Keil.STM32F1xx_DFP.2.4.1.pack
                Keil.STM32F1xx_DFP.2.4.1
                STMicroelectronics STM32F1 Series Device Support, Drivers and Examples

<h2>Collection of Component include folders:</h2>
  ./RTE/_STM32_Wifi
  F:/KEiIL/ARM/ARM/CMSIS/5.8.0/CMSIS/Core/Include
  F:/KEiIL/ARM/Keil/STM32F1xx_DFP/2.4.1/Device/Include

<h2>Collection of Component Files used:</h2>

   * Component: ARM::CMSIS:CORE:5.5.0
      Include file:  CMSIS/Core/Include/tz_context.h
Build Time Elapsed:  00:00:07
</pre>
</body>
</html>
